               .deffile adi_defs__1.asm
               .deffile ddi_defs__1.asm
               .deffile reg_defs__1.asm
               .deffile sce_defs__1.asm

               ; Number of supported tasks
               .define TASK_COUNT      1

               ; Sensor Controller clock frequency in active mode
               .define ACTIVE_MODE_SCE_CLK_FREQ_MHZ    24

               ; Resource-specified definitions, if any
               ; (None)


               .segment begin "Framework"


               VectorTable:
                                       ; SW 0
0000 ---- 140e                         jsr         PowerUp
0001 ---- 0417                         jmp         TaskCtrlReqVector
                                       ; SW 1
0002 ---- 140e                         jsr         PowerUp
0003 ---- 0440                         jmp         EventManTrigVector
                                       ; PROG 0
0004 ---- 140e                         jsr         PowerUp
0005 ---- 044a                         jmp         AonRtcCh2Vector
                                       ; PROG 1
0006 ---- 140e                         jsr         PowerUp
0007 ---- 0467                         jmp         Event0Vector
                                       ; PROG 2
0008 ---- 140e                         jsr         PowerUp
0009 ---- 0470                         jmp         Event1Vector
                                       ; PROG 3
000a ---- 140e                         jsr         PowerUp
000b ---- 0479                         jmp         Event2Vector
                                       ; SW 2
000c ---- 140e                         jsr         PowerUp
000d ---- 0482                         jmp         TaskAlertAckVector




               PowerUp:
                                       ; Make sure that the last operation mode request has taken effect
000e ---- 8953                         in          R0, [#IOP_SYSIF_OPMODEREQ]
000f ---- 9954 /waitForOpmodeSync:     in          R1, [#IOP_SYSIF_OPMODEACK]
0010 ---- 8d29                         cmp         R0, R1
0011 ---- befd                         bneq        /waitForOpmodeSync

                                       ; Deassert the power-down request
0012 ---- 4553                         iobclr      #IOB_SYSIF_OPMODE_PD, [#IOP_SYSIF_OPMODEREQ]

                                       ; Wait for it to take effect
0013 ---- 2554 /waitForOpmodeAck:      iobtst      #IOB_SYSIF_OPMODE_PD, [#IOP_SYSIF_OPMODEACK]
0014 ---- aefe                         biob1       /waitForOpmodeAck

                                       ; Prevent wake-up events from propagating to the AON domain
0015 ---- 445c                         iobclr      #0, [#IOP_SYSIF_WUGATE]

               FwEmptyFunc:            ; Done
0016 ---- adb7                         rts




               TaskCtrlReqVector:
                                       ; Clear wake-up event
0017 ---- 745b                         iobset      #IOB_SYSIF_WUFLAGS_SW_WU0, [#IOP_SYSIF_WUFLAGSCLR]
0018 ---- 545b                         iobclr      #IOB_SYSIF_WUFLAGS_SW_WU0, [#IOP_SYSIF_WUFLAGSCLR]

                                       ; For each task ...
0019 ---- 7000                         ld          R7, #0
               /loop:
                                           ; Save the task ID
001a ---- 7cac                             st          R7, [#fwCtrlInt/taskId]

                                           ; Handle initialize request, if any
001b ---- 68b5                             ld          R6, [#fwCtrlExt/bvTaskInitializeReq]
001c ---- 00a7                             ld          R0, #pFwTaskInitializeFuncTable
001d ---- 1439                             jsr         /handleReq

                                           ; Handle execute request, if any
001e ---- 68b6                             ld          R6, [#fwCtrlExt/bvTaskExecuteReq]
001f ---- 00a8                             ld          R0, #pFwTaskExecuteFuncTable
0020 ---- 1439                             jsr         /handleReq

                                           ; Handle terminate request, if any
0021 ---- 68b7                             ld          R6, [#fwCtrlExt/bvTaskTerminateReq]
0022 ---- 00a9                             ld          R0, #pFwTaskTerminateFuncTable
0023 ---- 1439                             jsr         /handleReq

                                           ; Move on to the next task
0024 ---- 78ac                             ld          R7, [#fwCtrlInt/taskId]
0025 ---- f801                             add         R7, #1

0026 ---- fa01                         cmp         R7, #TASK_COUNT
0027 ---- bef2                         bneq        /loop

                                       ; Update which tasks are ...
0028 ---- 78b3                         ld          R7, [#fwCtrlExt/bvActiveTasks]
                                       ; ... currently active ...
0029 ---- 68b5                         ld          R6, [#fwCtrlExt/bvTaskInitializeReq]
002a ---- fd0e                         or          R7, R6
                                       ; ... and inactive ...
002b ---- 68b7                         ld          R6, [#fwCtrlExt/bvTaskTerminateReq]
002c ---- ed92                         inv         R6
002d ---- fd06                         and         R7, R6
002e ---- 7cb3                         st          R7, [#fwCtrlExt/bvActiveTasks]

                                       ; Has the run-time logging application requested locked struct access?
002f ---- 78b2                         ld          R7, [#fwCtrlInt/rtlStructLockReq]
0030 ---- fa01                         cmp         R7, #1
0031 ---- be05                         bneq        /noRtlStructWriteReq

                                           ; Signalize that we're ready
0032 ---- 7002                             ld          R7, #2
0033 ---- 7cb2                             st          R7, [#fwCtrlInt/rtlStructLockReq]

               /waitRtlStructWriteLoop:    ; Wait until the run-time logging application is done
0034 ---- 78b2                             ld          R7, [#fwCtrlInt/rtlStructLockReq]
0035 ---- fa00                             cmp         R7, #0
0036 ---- befd                             bneq        /waitRtlStructWriteLoop
               /noRtlStructWriteReq:
                                       ; We're READY for another request
0037 ---- 6440                         iobset      #IOB_EVCTL_SWEV_READY, [#IOP_EVCTL_SWEVSET]

                                       ; Generate an ALERT interrupt (if requested) and return to sleep
0038 ---- 0487                         jmp         PowerDownSequence;

               /handleReq:
                                       ; Restore the task ID, and load the function pointer (here to avoid pipeline hazard)
0039 ---- 78ac                         ld          R7, [#fwCtrlInt/taskId]
003a ---- 8f1f                         ld          R0, [R7+R0]

                                       ; Skip this request?
003b ---- ed8f                         lsr         R6, R7
003c ---- ec01                         tst         R6, #0x0001
003d ---- be01                         bnz         /noSkip
003e ---- adb7                             rts
               /noSkip:
                                       ; Make the call by jump, with return (rts) in the "called" function
003f ---- 8db7                         jmp         R0




               EventManTrigVector:
                                       ; Clear wake-up event
0040 ---- 755b                         iobset      #IOB_SYSIF_WUFLAGS_SW_WU1, [#IOP_SYSIF_WUFLAGSCLR]
0041 ---- 555b                         iobclr      #IOB_SYSIF_WUFLAGS_SW_WU1, [#IOP_SYSIF_WUFLAGSCLR]

                                       ; Reconfigure the programmable wake-up, and trigger it
0042 ---- 78b1                         ld          R7, [#fwCtrlInt/progwucfgManTrigReg]
0043 ---- 60bf                         ld          R6, #(BV_SYSIF_PROGWUCFG_POL | SYSIF_PROGWUCFG_SRC_NO_EVENT)
0044 ---- ef27                         out         R6, [R7]
0045 ---- e240                         or          R6, #BV_SYSIF_PROGWUCFG_EN
0046 ---- ef27                         out         R6, [R7]

                                       ; Indicate completion
0047 ---- 7000                         ld          R7, #0x0000
0048 ---- 7cb1                         st          R7, [#fwCtrlInt/progwucfgManTrigReg]

                                       ; Generate an ALERT interrupt (if requested) and return to sleep
0049 ---- 0487                         jmp         PowerDownSequence;




               AonRtcCh2Vector:
                                       ; Start clearing the RTC event
004a ---- 6477                         iobset      #0, [#IOP_SYSIF_RTCEVCLR]

                                       ; For each task (R0 is the current task ID) ...
004b ---- 0000                         ld          R0, #0
               /loop:
                                           ; ... that is active ...
004c ---- 18b3                             ld          R1, [#fwCtrlExt/bvActiveTasks]
004d ---- 9d88                             lsr         R1, R0
004e ---- 9c01                             tst         R1, #0x0001
004f ---- b60e                             bz          /skip

                                               ; Fetch number of RTC intervals until next execution
0050 ---- 10a6                                 ld          R1, #pFwTaskExecuteScheduleTable
0051 ---- af19                                 ld          R2, [R1+R0]

                                               ; If not already 0, decrement and store. If then 0 ...
0052 ---- aa00                                 cmp         R2, #0
0053 ---- b60a                                 beq         /skip
0054 ---- a8ff                                 add         R2, #-1
0055 ---- af39                                 st          R2, [R1+R0]
0056 ---- be07                                 bnz         /skip

                                                   ; ... execute the task
0057 ---- 0cac                                     st          R0, [#fwCtrlInt/taskId]
0058 8600 88a8                                     add         R0, #pFwTaskExecuteFuncTable
005a ---- 8f08                                     ld          R0, [R0]
                                                   ; Insert NOP to avoid pipeline hazard
005b ---- fd47                                     nop
005c ---- 9db7                                     jsr         R0
005d ---- 08ac                                     ld          R0, [#fwCtrlInt/taskId]
               /skip:
                                           ; Move on to the next task
005e ---- 8801                             add         R0, #1

005f ---- 8a01                         cmp         R0, #TASK_COUNT
0060 ---- beeb                         bneq        /loop

                                       ; Wait for the RTC CH2 event clearing to finish
0061 ---- 254f /waitOnRtcEvClr:        iobtst      #IOB_EVCTL_EVSTAT2L_AON_RTC_CH2, [#IOP_EVCTL_EVSTAT2L]
0062 ---- aefe                         biob1       /waitOnRtcEvClr

                                       ; Clear event edge detector
0063 ---- 645b                         iobset      #IOB_SYSIF_WUFLAGS_PROG_WU0, [#IOP_SYSIF_WUFLAGSCLR]
0064 ---- 445b                         iobclr      #IOB_SYSIF_WUFLAGS_PROG_WU0, [#IOP_SYSIF_WUFLAGSCLR]

                                       ; End clearing the RTC event
0065 ---- 4477                         iobclr      #0, [#IOP_SYSIF_RTCEVCLR]

                                       ; Generate an ALERT interrupt (if requested) and return to sleep
0066 ---- 0487                         jmp         PowerDownSequence;




               Event0Vector:
                                       ; Disable and clear wake-up event
0067 ---- 5656                         iobclr      #IOB_SYSIF_PROGWUCFG_EN,        [#IOP_SYSIF_PROGWU1CFG] ; Disable source
0068 ---- 655b                         iobset      #IOB_SYSIF_WUFLAGS_PROG_WU1,    [#IOP_SYSIF_WUFLAGSCLR] ; Clear edge detector
0069 ---- 455b                         iobclr      #IOB_SYSIF_WUFLAGS_PROG_WU1,    [#IOP_SYSIF_WUFLAGSCLR]

                                       ; Set the task ID and active event index
006a ---- 0000                         ld          R0, #0
006b ---- 0cac                         st          R0, [#fwCtrlInt/taskId]
006c ---- 0001                         ld          R0, #(1 << 0)
006d ---- 0cad                         st          R0, [#fwCtrlInt/bvActiveEvent]

                                       ; Jump to the event task code
006e ---- 1533                         jsr         capacitiveTouch/event0

                                       ; Generate an ALERT interrupt (if requested) and return to sleep
006f ---- 0487                         jmp         PowerDownSequence;




               Event1Vector:
                                       ; Disable and clear wake-up event
0070 ---- 5657                         iobclr      #IOB_SYSIF_PROGWUCFG_EN,        [#IOP_SYSIF_PROGWU2CFG] ; Disable source
0071 ---- 665b                         iobset      #IOB_SYSIF_WUFLAGS_PROG_WU2,    [#IOP_SYSIF_WUFLAGSCLR] ; Clear edge detector
0072 ---- 465b                         iobclr      #IOB_SYSIF_WUFLAGS_PROG_WU2,    [#IOP_SYSIF_WUFLAGSCLR]

                                       ; Set the task ID and active event index
0073 ---- 0000                         ld          R0, #0
0074 ---- 0cac                         st          R0, [#fwCtrlInt/taskId]
0075 ---- 0002                         ld          R0, #(1 << 1)
0076 ---- 0cad                         st          R0, [#fwCtrlInt/bvActiveEvent]

                                       ; Jump to the event task code
0077 ---- 1416                         jsr         FwEmptyFunc

                                       ; Generate an ALERT interrupt (if requested) and return to sleep
0078 ---- 0487                         jmp         PowerDownSequence;




               Event2Vector:
                                       ; Disable and clear wake-up event
0079 ---- 5658                         iobclr      #IOB_SYSIF_PROGWUCFG_EN,        [#IOP_SYSIF_PROGWU3CFG] ; Disable source
007a ---- 675b                         iobset      #IOB_SYSIF_WUFLAGS_PROG_WU3,    [#IOP_SYSIF_WUFLAGSCLR] ; Clear edge detector
007b ---- 475b                         iobclr      #IOB_SYSIF_WUFLAGS_PROG_WU3,    [#IOP_SYSIF_WUFLAGSCLR]

                                       ; Set the task ID and active event index
007c ---- 0000                         ld          R0, #0
007d ---- 0cac                         st          R0, [#fwCtrlInt/taskId]
007e ---- 0004                         ld          R0, #(1 << 2)
007f ---- 0cad                         st          R0, [#fwCtrlInt/bvActiveEvent]

                                       ; Jump to the event task code
0080 ---- 1416                         jsr         FwEmptyFunc

                                       ; Generate an ALERT interrupt (if requested) and return to sleep
0081 ---- 0487                         jmp         PowerDownSequence;




               TaskAlertAckVector:
                                       ; Clear wake-up event
0082 ---- 765b                         iobset      #IOB_SYSIF_WUFLAGS_SW_WU2, [#IOP_SYSIF_WUFLAGSCLR]
0083 ---- 565b                         iobclr      #IOB_SYSIF_WUFLAGS_SW_WU2, [#IOP_SYSIF_WUFLAGSCLR]

                                       ; Re-enable generation of ALERT interrupts
0084 86ff 03ff                         ld          R0, #0xFFFF
0086 ---- 0caf                         st          R0, [#fwCtrlInt/alertGenMask]

                                       ; Generate an ALERT interrupt (if requested) and return to sleep
                                       ; -> Fall through




               PowerDownSequence:
                                       ; Let wake-up events propagate to the AON domain
0087 ---- 645c                         iobset      #0, [#IOP_SYSIF_WUGATE]

                                       ; Do we have any ALERT-generating flags pending?
0088 ---- 78ae                         ld          R7, [#fwCtrlInt/bvTaskIoAlert]

                                       ; Skip if the last I/O ALERT interrupt has not been acknowledged
0089 ---- 68af                         ld          R6, [#fwCtrlInt/alertGenMask]
008a ---- ed37                         tst         R6, R7
008b ---- b605                         bz          /skipAlertGen

                                           ; Transfer I/O flags from internal to external
008c ---- 0000                             ld          R0, #0
008d ---- 0cae                             st          R0, [#fwCtrlInt/bvTaskIoAlert]
008e ---- 7cb4                             st          R7, [#fwCtrlExt/bvTaskIoAlert]

                                           ; Generate the ALERT interrupt, and clear the generation mask
008f ---- 6540                             iobset      #IOB_EVCTL_SWEV_ALERT, [#IOP_EVCTL_SWEVSET]
0090 ---- 0caf                             st          R0, [#fwCtrlInt/alertGenMask]
               /skipAlertGen:
                                       ; Set initial power mode for next executed vector
                                       ; -> Only at initialization

                                       ; If there are no unacknowledged ALERTs and no vectors pending ...
0091 ---- 78af                         ld          R7, [#fwCtrlInt/alertGenMask]
0092 ---- 68b0                         ld          R6, [#fwCtrlInt/alertCanPdAuxMask]
0093 ---- fd0e                         or          R7, R6
0094 ---- f801                         add         R7, #1 ; 0xFFFF -> 0x0000
0095 ---- e95a                         in          R6, [#IOP_SYSIF_WUFLAGS]
0096 ---- fd0e                         or          R7, R6
0097 ---- be01                         bnz         /noPowerDown

                                           ; Assert the power-down request
0098 ---- 6553                             iobset      #IOB_SYSIF_OPMODE_PD, [#IOP_SYSIF_OPMODEREQ]
               /noPowerDown:
                                       ; Sleep until the next event
0099 ---- bdb7 sleepInstr:             sleep




               PwrRequestAndWaitForActiveMode:
                                       ; Update Reference DAC clock divider before entering active mode
009a ---- 700b                         ld          R7, #((ACTIVE_MODE_SCE_CLK_FREQ_MHZ / 2) - 1)
009b ---- fb96                         out         R7, [#IOP_ANAIF_DACSMPLCFG0]

                                       ; Deassert the low-power request
009c ---- 4453                         iobclr      #IOB_SYSIF_OPMODE_LP, [#IOP_SYSIF_OPMODEREQ]

                                       ; Wait for it to take effect
009d ---- 2454 /waitForOpmodeAck:      iobtst      #IOB_SYSIF_OPMODE_LP, [#IOP_SYSIF_OPMODEACK]
009e ---- aefe                         biob1       /waitForOpmodeAck

                                       ; Done
009f ---- adb7                         rts




               PwrRequestAndWaitForLowPowerMode:
                                       ; Assert the low-power request
00a0 ---- 6453                         iobset      #IOB_SYSIF_OPMODE_LP, [#IOP_SYSIF_OPMODEREQ]

                                       ; Wait for it to take effect
00a1 ---- 2454 /waitForOpmodeAck:      iobtst      #IOB_SYSIF_OPMODE_LP, [#IOP_SYSIF_OPMODEACK]
00a2 ---- a6fe                         biob0       /waitForOpmodeAck

                                       ; Update Reference DAC clock divider after leaving active mode
00a3 ---- 7000                         ld          R7, #(1 - 1)
00a4 ---- fb96                         out         R7, [#IOP_ANAIF_DACSMPLCFG0]

                                       ; Done
00a5 ---- adb7                         rts




               ; RTC ticks until next execution, one word for each task
               pFwTaskExecuteScheduleTable:
00a6 ---- 0000                         dw          #0

               ; Task code function pointers for each task code block, one word for each task
               pFwTaskInitializeFuncTable:
00a7 ---- 011d                         dw          #capacitiveTouch/initialize
               pFwTaskExecuteFuncTable:
00a8 ---- 0132                         dw          #capacitiveTouch/execute
               pFwTaskTerminateFuncTable:
00a9 ---- 02d1                         dw          #capacitiveTouch/terminate

               ; Run-time logging log requests and masks, one bit for each struct, one word for each task
               pRtlTaskLogReqTable:
00aa ---- 0000                         dw          #0x0000
               pRtlTaskLogMaskTable:
00ab ---- 0000                         dw          #0x0000


               ; Internal control data
               fwCtrlInt:
00ac ---- 0000 /taskId:                dw          #0      ; ID of the currently running task
00ad ---- 0000 /bvActiveEvent:         dw          #0      ; Bit-vector indicating index of the currently active event trigger
00ae ---- 0000 /bvTaskIoAlert:         dw          #0x0000 ; LSB = Normal data exchange, MSB = Overflow or underflow
00af ---- ffff /alertGenMask:          dw          #0xFFFF ; Can generate an ALERT interrupt now? (0xFFFF = yes, 0x0000 = no)
00b0 ---- 0000 /alertCanPdAuxMask:     dw          #0x0000 ; Can power down AUX domain after ALERT interrupt generation? (0xFFFF = yes, 0x0000 = no)
00b1 ---- 0000 /progwucfgManTrigReg:   dw          #0x0000 ; Address of PROGWUnCFG register to be triggered manually by EventManTriggerVector
00b2 ---- 0000 /rtlStructLockReq:      dw          #0x0000 ; Run-time logging struct lock request (0=idle -> 1=requested -> 2=ready -> access -> 0=idle)

               ; External control data, shared with the driver
               fwCtrlExt:
00b3 ---- 0000 /bvActiveTasks:         dw          #0x0000 ; Indicates which tasks are currently active
00b4 ---- 0000 /bvTaskIoAlert:         dw          #0x0000 ; LSB = Normal data exchange, MSB = Overflow or underflow
00b5 ---- 0000 /bvTaskInitializeReq:   dw          #0x0000 ; Requests tasks to start
00b6 ---- 0000 /bvTaskExecuteReq:      dw          #0x0000 ; Requests tasks to execute once immediately
00b7 ---- 0000 /bvTaskTerminateReq:    dw          #0x0000 ; Requests tasks to stop


               .segment end "Framework"


               fwTaskDataStructures:
               .segment begin "Task: Capacitive Touch"
               capacitiveTouch/cfg:
               capacitiveTouch/cfg/isrcCurrent:
00b8 ---- 0011                         dw          #17
               capacitiveTouch/cfg/maxSmplPeriod:
00b9 ---- 0080                         dw          #128
               capacitiveTouch/cfg/minSmplPeriod:
00ba ---- 0028                         dw          #40
               capacitiveTouch/cfg/pAuxioAxdCapTouch:
00bb ---- 0016                         dw          #22
00bc ---- 0014                         dw          #20
               capacitiveTouch/input:
               capacitiveTouch/outputSceBufferCtrl:
00bd ---- 0180                         dw          #(capacitiveTouch/output << 1)
               capacitiveTouch/outputDrvBufferCtrl:
00be ---- 0181                         dw          #((capacitiveTouch/output << 1) | 0x0001)
               capacitiveTouch/outputScePtr:
00bf ---- 00c0                         dw          #capacitiveTouch/output
               capacitiveTouch/output:
               capacitiveTouch/output/bvTdcTimeout:
00c0 ---- 0000                         dw          #0
               capacitiveTouch/output/bvTdcValueOverflow:
00c1 ---- 0000                         dw          #0
               capacitiveTouch/output/pBaselineValue:
00c2 ---- 0000                         dw          #0
00c3 ---- 0000                         dw          #0
               capacitiveTouch/output/pHighValue:
00c4 ---- 0000                         dw          #0
00c5 ---- 0000                         dw          #0
               capacitiveTouch/output/pTdcSmplWindowMean:
00c6 ---- 0000                         dw          #0
00c7 ---- 0000                         dw          #0
               capacitiveTouch/output/pTdcValueRaw:
00c8 ---- 0000                         dw          #0
00c9 ---- 0000                         dw          #0
               capacitiveTouch/output/pThresValue:
00ca ---- 0000                         dw          #0
00cb ---- 0000                         dw          #0
               capacitiveTouch/output/pTouchDet:
00cc ---- 0000                         dw          #0
00cd ---- 0000                         dw          #0
               capacitiveTouch/output/bvTdcTimeout1:
00ce ---- 0000                         dw          #0
               capacitiveTouch/output/bvTdcValueOverflow1:
00cf ---- 0000                         dw          #0
               capacitiveTouch/output/pBaselineValue1:
00d0 ---- 0000                         dw          #0
00d1 ---- 0000                         dw          #0
               capacitiveTouch/output/pHighValue1:
00d2 ---- 0000                         dw          #0
00d3 ---- 0000                         dw          #0
               capacitiveTouch/output/pTdcSmplWindowMean1:
00d4 ---- 0000                         dw          #0
00d5 ---- 0000                         dw          #0
               capacitiveTouch/output/pTdcValueRaw1:
00d6 ---- 0000                         dw          #0
00d7 ---- 0000                         dw          #0
               capacitiveTouch/output/pThresValue1:
00d8 ---- 0000                         dw          #0
00d9 ---- 0000                         dw          #0
               capacitiveTouch/output/pTouchDet1:
00da ---- 0000                         dw          #0
00db ---- 0000                         dw          #0
               capacitiveTouch/output/bvTdcTimeout2:
00dc ---- 0000                         dw          #0
               capacitiveTouch/output/bvTdcValueOverflow2:
00dd ---- 0000                         dw          #0
               capacitiveTouch/output/pBaselineValue2:
00de ---- 0000                         dw          #0
00df ---- 0000                         dw          #0
               capacitiveTouch/output/pHighValue2:
00e0 ---- 0000                         dw          #0
00e1 ---- 0000                         dw          #0
               capacitiveTouch/output/pTdcSmplWindowMean2:
00e2 ---- 0000                         dw          #0
00e3 ---- 0000                         dw          #0
               capacitiveTouch/output/pTdcValueRaw2:
00e4 ---- 0000                         dw          #0
00e5 ---- 0000                         dw          #0
               capacitiveTouch/output/pThresValue2:
00e6 ---- 0000                         dw          #0
00e7 ---- 0000                         dw          #0
               capacitiveTouch/output/pTouchDet2:
00e8 ---- 0000                         dw          #0
00e9 ---- 0000                         dw          #0
               capacitiveTouch/state:
               capacitiveTouch/state/bvTdcTimeout:
00ea ---- 0000                         dw          #0
               capacitiveTouch/state/bvTdcValueOverflow:
00eb ---- 0000                         dw          #0
               capacitiveTouch/state/genOutput:
00ec ---- 0001                         dw          #1
               capacitiveTouch/state/pBaselineValue:
00ed ---- 0000                         dw          #0
00ee ---- 0000                         dw          #0
               capacitiveTouch/state/pHighValue:
00ef ---- 0000                         dw          #0
00f0 ---- 0000                         dw          #0
               capacitiveTouch/state/pLowMeanIirFilter:
00f1 ---- 0000                         dw          #0
00f2 ---- 0000                         dw          #0
               capacitiveTouch/state/pLowMeanWindow:
00f3 ---- 0000                         dw          #0
00f4 ---- 0000                         dw          #0
00f5 ---- 0000                         dw          #0
00f6 ---- 0000                         dw          #0
00f7 ---- 0000                         dw          #0
00f8 ---- 0000                         dw          #0
00f9 ---- 0000                         dw          #0
00fa ---- 0000                         dw          #0
00fb ---- 0000                         dw          #0
00fc ---- 0000                         dw          #0
00fd ---- 0000                         dw          #0
00fe ---- 0000                         dw          #0
00ff ---- 0000                         dw          #0
0100 ---- 0000                         dw          #0
0101 ---- 0000                         dw          #0
0102 ---- 0000                         dw          #0
               capacitiveTouch/state/pTdcSmplLowCount:
0103 ---- 0000                         dw          #0
0104 ---- 0000                         dw          #0
               capacitiveTouch/state/pTdcSmplWindow:
0105 ---- 0000                         dw          #0
0106 ---- 0000                         dw          #0
0107 ---- 0000                         dw          #0
0108 ---- 0000                         dw          #0
0109 ---- 0000                         dw          #0
010a ---- 0000                         dw          #0
010b ---- 0000                         dw          #0
010c ---- 0000                         dw          #0
010d ---- 0000                         dw          #0
010e ---- 0000                         dw          #0
010f ---- 0000                         dw          #0
0110 ---- 0000                         dw          #0
0111 ---- 0000                         dw          #0
0112 ---- 0000                         dw          #0
0113 ---- 0000                         dw          #0
0114 ---- 0000                         dw          #0
               capacitiveTouch/state/pTdcTimeoutCount:
0115 ---- 0004                         dw          #4
0116 ---- 0004                         dw          #4
               capacitiveTouch/state/pTouchDet:
0117 ---- 0000                         dw          #0
0118 ---- 0000                         dw          #0
               capacitiveTouch/state/pTouchHoldCount:
0119 ---- 0000                         dw          #0
011a ---- 0000                         dw          #0
               capacitiveTouch/state/smplPeriod:
011b ---- 0028                         dw          #40
               capacitiveTouch/state/startupIterCount:
011c ---- 0000                         dw          #0
               .segment end "Task: Capacitive Touch"


               .segment begin "Task: Capacitive Touch"
               capacitiveTouch/initialize:
               ;? // Clamp all capactive touch pins to ground
               ;? for (U16 n = 0; n < PIN_COUNT; n++) {
011d ---- 0000                         ld          R0, #0
               /id0293:
               ;?     isrcClamp(cfg.pAuxioAxdCapTouch[n]);
011e ---- 50bb                             ld          R5, #(capacitiveTouch/cfg/pAuxioAxdCapTouch + 0)
011f ---- ff1d                             ld          R7, [R5+R0]
0120 ---- 4492                             iobclr      #0, [#IOP_ANAIF_ISRCCTL]
0121 ---- 16d5                             jsr         gpioClearOutput
               ;? }
0122 ---- 8801                         add         R0, #1
0123 ---- 8a02                         cmp         R0, #2
0124 ---- aef9                         bltu        /id0293
               ;?
               ;? // Do not drive the reference high
               ;? gpioClearOutput(AUXIO_AXS_CAP_TOUCH_REF);
0125 ---- 45bd                         iobclr      #(25 & 0x7), [#(IOP_AIODIO0_GPIODOUT + (25 >> 3))]
               ;?
               ;? // Schedule the first execution
               ;? evhSetupTimer1Trigger(0, 1, 5);
0126 ---- 0001                         ld          R0, #1
0127 ---- 8b82                         out         R0, [#IOP_TIMER01_T1TARGET]
0128 8623 0352                         ld          R0, #(((5 << IOB_TIMER01_TXCFG_PRE) | TIMER01_TXCFG_TICK_SRC_AON_RTC_4KHZ) | BV_TIMER01_TXCFG_MODE_TICK)
012a ---- 8b7e                         out         R0, [#IOP_TIMER01_T1CFG]
012b ---- 0035                         ld          R0, #SYSIF_PROGWUCFG_SRC_AUX_TIMER1_EV
012c ---- 8b56                         out         R0, [#((IOP_SYSIF_PROGWU1CFG + 0) + 0)]
012d ---- 655b                         iobset      #((IOB_SYSIF_WUFLAGS_PROG_WU1 + 0) + 0), [#IOP_SYSIF_WUFLAGSCLR]
012e ---- 455b                         iobclr      #((IOB_SYSIF_WUFLAGS_PROG_WU1 + 0) + 0), [#IOP_SYSIF_WUFLAGSCLR]
012f ---- 7656                         iobset      #IOB_SYSIF_PROGWUCFG_EN, [#((IOP_SYSIF_PROGWU1CFG + 0) + 0)]
0130 ---- 6480                         iobset      #0, [#IOP_TIMER01_T1CTL]
               capacitiveTouch/initializeDone:
0131 ---- adb7                         rts




               capacitiveTouch/execute:
               ;?
               capacitiveTouch/executeDone:
0132 ---- adb7                         rts




               capacitiveTouch/event0:
               ;? // MACRO: Updates a first-order IIR filter
               ;? // acc = acc - (acc / 2^divExp) + (add / 2^divExp)
               ;? macro iirFilter(acc, add, divExp) {
               ;?     U16 accInt = acc << 1;
               ;?     accInt -= acc >> (divExp - 1);
               ;?     accInt += add >> (divExp - 1);
               ;?     acc = accInt >> 1;
               ;? }
               ;?
               ;?
               ;? // Acquire shared peripherals
               ;? fwAcquirePeripheral(PERIPHERAL_COMPA_ISRC);
               /id0329:
0133 ---- 2488                         iobtst      #0, [#(IOP_SMPH_SMPH0 + 3)]
0134 ---- a6fe                         biob0       /id0329
               ;? fwAcquirePeripheral(PERIPHERAL_TDC);
               /id0330:
0135 ---- 2486                         iobtst      #0, [#(IOP_SMPH_SMPH0 + 1)]
0136 ---- a6fe                         biob0       /id0330
               ;?
               ;? // Enable COMPA, including 2 uA through internal 400 kOhm in parallel with external
               ;? // 1.2 MOhm = 0.6 V reference voltage for COMPA
               ;? compaEnableWithCapTouchRef();
0137 ---- 16de                         jsr         CompaEnableWithCapTouchRef
               ;? compaSelectGpioRef(AUXIO_AXS_CAP_TOUCH_REF);
0138 ---- 7019                         ld          R7, #25
0139 ---- 16e8                         jsr         CompaSelectGpioRef
               ;?
               ;? // Enable ISRC (set current from cfg register)
               ;? isrcEnable(cfg.isrcCurrent);
013a ---- 08b8                         ld          R0, [#capacitiveTouch/cfg/isrcCurrent]
013b ---- 8b9c                         out         R0, [#IOP_ADISET_ISRC_COMP]
013c ---- 8b9c                         out         R0, [#IOP_ADISET_ISRC_COMP]
               ;?
               ;? // Select 2 x 48 MHz from RCOSC_HF as TDC counter clock source
               ;? tdcSetCntSource(TDC_CNTSRC_96M_RCOSC);
013d ---- 0180                         ld          R0, #BV_DDI16_OSCCTL0L_ACLK_TDC_SRC
013e 86a1 8b00                         out         R0, [#IOP_DDICLR_OSCCTL0L]
0140 ---- 0000                         ld          R0, #0
0141 86a0 8b80                         out         R0, [#IOP_DDISET_OSCCTL0L]
0143 86a0 8900                         in          R0, [#IOP_DDI_OSCCTL0L]
               ;?
               ;? // Enable the TDC with start trigger on ISRC reset release and stop trigger on COMPA
               ;? tdcSetTriggers(TDC_STARTTRIG_COMPA_HIGH, TDC_STOPTRIG_COMPA_HIGH, 1);
0145 ---- 0001                         ld          R0, #1
0146 862e 122e                         ld          R1, #(46 | (46 << 8))
0148 ---- 9b36                         out         R1, [#IOP_TDC_TRIGSRC]
0149 ---- 8b38                         out         R0, [#IOP_TDC_TRIGCNTLOAD]
014a ---- 6439                         iobset      #0, [#IOP_TDC_TRIGCNTCFG]
               ;? tdcEnable();
014b ---- 16f6                         jsr         TdcEnable
               ;?
               ;? // For each pin ...
               ;? U16* pTdcSmplWindowPinBase = #state.pTdcSmplWindow;
014c ---- 2105                         ld          R2, #(capacitiveTouch/state/pTdcSmplWindow + 0)
               ;? U16* pLowMeanWindowPinBase = #state.pLowMeanWindow;
014d ---- 30f3                         ld          R3, #(capacitiveTouch/state/pLowMeanWindow + 0)
               ;? for (U16 n = 0; n < PIN_COUNT; n++) {
014e ---- 0000                         ld          R0, #0
               /id0610:
               ;?
               ;?     // Select COMPA input/ISRC output
               ;?     compaSelectGpioInput(cfg.pAuxioAxdCapTouch[n]);
014f ---- 10bb                             ld          R1, #(capacitiveTouch/cfg/pAuxioAxdCapTouch + 0)
0150 ---- ff19                             ld          R7, [R1+R0]
0151 ---- 16fa                             jsr         CompaSelectGpioInput
               ;?
               ;?     // Prepare the TDC value window for inserting the new sample, start calculating
               ;?     // the mean value of the TDC value window
               ;?     U16* pTdcSmplItem = pTdcSmplWindowPinBase + (TDC_SMPL_WINDOW_SIZE - 2);
0152 ---- 9d42                             ld          R1, R2
0153 ---- 9806                             add         R1, #6
               ;?     U16 tdcSmplWindowMean = 0;
0154 ---- 4000                             ld          R4, #0
               ;?     while (pTdcSmplItem >= pTdcSmplWindowPinBase) {
               /id0347:
0155 ---- 9d2a                             cmp         R1, R2
0156 ---- ae05                             bltu        /id0348
               ;?         U16 tdcSmplItemValue = *(pTdcSmplItem++);
0157 ---- df11                                 ld          R5, [R1++]
               ;?         *pTdcSmplItem = tdcSmplItemValue;
0158 ---- df29                                 st          R5, [R1]
               ;?         pTdcSmplItem -= 2;
0159 ---- 98fe                                 add         R1, #-2
               ;?         tdcSmplWindowMean += tdcSmplItemValue;
015a ---- cd25                                 add         R4, R5
               ;?     }
015b ---- 0555                             jmp         /id0347
               /id0348:
               ;?
               ;?     // Prepare the TDC and trigger start of measurement
               ;?     tdcArm(TDC_START_ASYNC);
015c ---- 7002                             ld          R7, #2
015d ---- 1706                             jsr         TdcArm
               ;?     isrcRelease(cfg.pAuxioAxdCapTouch[n]);
015e ---- 10bb                             ld          R1, #(capacitiveTouch/cfg/pAuxioAxdCapTouch + 0)
015f ---- ff19                             ld          R7, [R1+R0]
0160 ---- 1711                             jsr         gpioSetOutput
0161 ---- 6492                             iobset      #0, [#IOP_ANAIF_ISRCCTL]
               ;?
               ;?     // Wait for the COMPA output to go high, and then disconnect the internal 400 kOhm resistor.
               ;?     // This raises the COMPA referance voltage from 0.6 V to 2.4 V. Drive to VDDS for 1+ us to
               ;?     // ensure that the reference rises quickly, and then let it fall to 2.4 V.
               ;?     do {
               /id0364:
               ;?         U16 compaValue;
               ;?         compaGetOutput(compaValue);
0162 ---- 9950                                 in          R1, [#IOP_EVCTL_EVSTAT2H]
0163 ---- 9dae                                 lsr         R1, #IOB_EVCTL_EVSTAT2H_AUX_COMPA
0164 ---- 9001                                 and         R1, #0x0001
               ;?     } while (compaValue == 0);
0165 ---- 9a00                             cmp         R1, #0
0166 ---- b6fb                             beq         /id0364
               ;?     gpioSetOutput(AUXIO_AXS_CAP_TOUCH_REF);
0167 ---- 65bd                             iobset      #(25 & 0x7), [#(IOP_AIODIO0_GPIODOUT + (25 >> 3))]
               ;?     compaDisconnectCapTouchRefIntRes();
0168 8680 1000                             ld          R1, #ADI16_COMP_ISRC_COMPA_REF_RES_EN
016a ---- 9ba4                             out         R1, [#IOP_ADICLR_ISRC_COMP]
               ;?     fwDelayInstrCycles(12);
016b ---- 100a                             ld          R1, #(12 - 2)
016c ---- 8500                             loop        R1, /id0368
016d ---- fd47                             nop
               /id0368:
               ;?     gpioClearOutput(AUXIO_AXS_CAP_TOUCH_REF);
016e ---- 45bd                             iobclr      #(25 & 0x7), [#(IOP_AIODIO0_GPIODOUT + (25 >> 3))]
               ;?
               ;?     // Wait for the TDC stop trigger with 100 us timeout
               ;?     U16 isTdcDone;
               ;?     tdcWaitUs(100);
016f ---- 1064                             ld          R1, #100
0170 ---- 5060                             ld          R5, #(EVCTL_SCEWEVCFG_EV_SEL_AUX_PROG_DLY_IDLE | (1 << IOB_EVCTL_SCEWEVCFG0_COMB_EV_EN))
0171 ---- db3c                             out         R5, [#IOP_EVCTL_SCEWEVCFG0]
0172 ---- 5037                             ld          R5, #EVCTL_SCEWEVCFG_EV_SEL_AUX_TDC_DONE
0173 ---- db3d                             out         R5, [#IOP_EVCTL_SCEWEVCFG1]
0174 ---- 9801                             add         R1, #1
0175 ---- 9b49                             out         R1, [#IOP_EVCTL_PROGDLY]
0176 ---- fdb1                             wev1        #WEVSEL_PROG
               ;?     tdcCheckDoneEv(isTdcDone);
0177 ---- 9941                             in          R1, [#IOP_EVCTL_EVTOAONFLAGS]
0178 ---- 9dae                             lsr         R1, #IOB_EVCTL_EVTOAON_TDC_DONE
0179 ---- 9001                             and         R1, #0x0001
               ;?
               ;?     // Re-clamp the pin to ground
               ;?     isrcClamp(cfg.pAuxioAxdCapTouch[n]);
017a ---- 50bb                             ld          R5, #(capacitiveTouch/cfg/pAuxioAxdCapTouch + 0)
017b ---- ff1d                             ld          R7, [R5+R0]
017c ---- 4492                             iobclr      #0, [#IOP_ANAIF_ISRCCTL]
017d ---- 16d5                             jsr         gpioClearOutput
               ;?
               ;?     // Reconnect the internal 400 kOhm resistor. This returns the COMPA reference voltage to 0.6 V.
               ;?     compaConnectCapTouchRefIntRes();
017e 8680 5000                             ld          R5, #ADI16_COMP_ISRC_COMPA_REF_RES_EN
0180 ---- db9c                             out         R5, [#IOP_ADISET_ISRC_COMP]
               ;?
               ;?     // Check whether the TDC measurement actually finished, and then read and store the TDC value
               ;?     U16 tdcValueL;
               ;?     U16 tdcValueH;
               ;?     tdcGetValue(tdcValueH, tdcValueL);
0181 ---- d933                             in          R5, [#IOP_TDC_RESULT_L]
               ;?     output.pTdcValueRaw[n] = tdcValueL;
0182 ---- 68bf                             ld          R6, [#capacitiveTouch/outputScePtr]
0183 ---- e808                             add         R6, #(8 + 0)
0184 ---- df3e                             st          R5, [R6+R0]
               ;?
               ;?     // Handle TDC timeout: Reuse last value until MAX_TDC_TIMEOUTS timeouts in a row, then it's an error
               ;?     // For the very first iteration the timeout count is initialized to MAX_TDC_TIMEOUTS - 1
               ;?     U16 tdcTimeoutCount = state.pTdcTimeoutCount[n];
0185 ---- 6115                             ld          R6, #(capacitiveTouch/state/pTdcTimeoutCount + 0)
0186 ---- ef1e                             ld          R6, [R6+R0]
               ;?     if (isTdcDone == 1) {
0187 ---- 9a01                             cmp         R1, #1
0188 ---- be02                             bneq        /id0385
               ;?         tdcTimeoutCount = 0;
0189 ---- 6000                                 ld          R6, #0
               ;?     } else {
018a ---- 0596                             jmp         /id0387
               /id0385:
               ;?         tdcValueL = *pTdcSmplWindowPinBase;
018b ---- df0a                                 ld          R5, [R2]
               ;?         utilIncrAndSat(tdcTimeoutCount, MAX_TDC_TIMEOUTS; tdcTimeoutCount);
018c ---- ea05                                 cmp         R6, #5
018d ---- b601                                 beq         /id0390
018e ---- e801                                 add         R6, #1
               /id0390:
               ;?         if (tdcTimeoutCount == MAX_TDC_TIMEOUTS) {
018f ---- ea05                                 cmp         R6, #5
0190 ---- be05                                 bneq        /id0393
               ;?             state.bvTdcTimeout |= 1 << n;
0191 ---- 7001                                     ld          R7, #1
0192 ---- fd80                                     lsl         R7, R0
0193 ---- 18ea                                     ld          R1, [#capacitiveTouch/state/bvTdcTimeout]
0194 ---- 9d0f                                     or          R1, R7
0195 ---- 1cea                                     st          R1, [#capacitiveTouch/state/bvTdcTimeout]
               ;?         }
               /id0393:
               ;?     }
               /id0387:
               ;?     state.pTdcTimeoutCount[n] = tdcTimeoutCount;
0196 ---- 1115                             ld          R1, #(capacitiveTouch/state/pTdcTimeoutCount + 0)
0197 ---- ef39                             st          R6, [R1+R0]
               ;?
               ;?     // Handle TDC value overflow: Hard-limit so that arithmetic overflow cannot occur
               ;?     if (TDC_SMPL_WINDOW_EXP >= LOW_MEAN_WINDOW_EXP) {
               ;?         if (tdcValueL >= (0xFFFF >> TDC_SMPL_WINDOW_EXP)) {
0198 861f daff                                 cmp         R5, #8191
019a ---- ae07                                 bltu        /id0402
               ;?             tdcValueL = 0xFFFF >> TDC_SMPL_WINDOW_EXP;
019b 861f 53ff                                     ld          R5, #8191
               ;?             state.bvTdcValueOverflow |= 1 << n;
019d ---- 6001                                     ld          R6, #1
019e ---- ed80                                     lsl         R6, R0
019f ---- 18eb                                     ld          R1, [#capacitiveTouch/state/bvTdcValueOverflow]
01a0 ---- 9d0e                                     or          R1, R6
01a1 ---- 1ceb                                     st          R1, [#capacitiveTouch/state/bvTdcValueOverflow]
               ;?         }
               /id0402:
               ;?     } else {
               ;?         if (tdcValueL >= (0xFFFF >> LOW_MEAN_WINDOW_EXP)) {
               ;?             tdcValueL = 0xFFFF >> LOW_MEAN_WINDOW_EXP;
               ;?             state.bvTdcValueOverflow |= 1 << n;
               ;?         }
               ;?     }
               ;?
               ;?     // Handle TDC value spikes: Saturate the TDC value to a range around the current baseline
               ;?     if (state.startupIterCount > TDC_SMPL_WINDOW_SIZE) {
01a2 ---- 191c                             ld          R1, [#capacitiveTouch/state/startupIterCount]
01a3 ---- 9a08                             cmp         R1, #8
01a4 ---- 9e10                             bleu        /id0410
               ;?
               ;?         // The TDC value's maximum deviation from the baseline is 1.25 * (filterHighVal - baseline)
               ;?         U16 baselineValue = state.pBaselineValue[n];
01a5 ---- 10ed                                 ld          R1, #(capacitiveTouch/state/pBaselineValue + 0)
01a6 ---- 9f19                                 ld          R1, [R1+R0]
               ;?         U16 highBaselineDiff = state.pHighValue[n] - baselineValue;
01a7 ---- 60ef                                 ld          R6, #(capacitiveTouch/state/pHighValue + 0)
01a8 ---- ef1e                                 ld          R6, [R6+R0]
01a9 ---- ed19                                 sub         R6, R1
               ;?
               ;?         // Ensure that the TDC value is in the range [baseline - margin, baseline + 2 * margin]
               ;?         U16 minTdcValueL = baselineValue - highBaselineDiff;
01aa ---- fd41                                 ld          R7, R1
01ab ---- fd1e                                 sub         R7, R6
               ;?         U16 maxTdcValueL = baselineValue + (highBaselineDiff << 1);
01ac ---- eda1                                 lsl         R6, #1
01ad ---- 9d26                                 add         R1, R6
               ;?         if (tdcValueL < minTdcValueL) {
01ae ---- dd2f                                 cmp         R5, R7
01af ---- a602                                 bgeu        /id0421
               ;?             tdcValueL = minTdcValueL;
01b0 ---- dd47                                     ld          R5, R7
               ;?         } else if (tdcValueL > maxTdcValueL) {
01b1 ---- 05b5                                 jmp         /id0424
               /id0421:
01b2 ---- dd29                                 cmp         R5, R1
01b3 ---- 9e01                                 bleu        /id0426
               ;?             tdcValueL = maxTdcValueL;
01b4 ---- dd41                                     ld          R5, R1
               ;?         }
               /id0426:
               /id0424:
               ;?     }
               /id0410:
               ;?
               ;?     // Store the new TDC value
               ;?     *pTdcSmplWindowPinBase = tdcValueL;
01b5 ---- df2a                             st          R5, [R2]
               ;?
               ;?     // Finalize the TDC value window mean
               ;?     tdcSmplWindowMean += tdcValueL;
01b6 ---- cd25                             add         R4, R5
               ;?     tdcSmplWindowMean >>= TDC_SMPL_WINDOW_EXP;
01b7 ---- cdab                             lsr         R4, #3
               ;?     output.pTdcSmplWindowMean[n] = tdcSmplWindowMean;
01b8 ---- 18bf                             ld          R1, [#capacitiveTouch/outputScePtr]
01b9 ---- 9806                             add         R1, #(6 + 0)
01ba ---- cf39                             st          R4, [R1+R0]
               ;?
               ;?     // Each time the TDC value window has been replaced while not detecting a touch, add the
               ;?     // low TDC value window mean to the low mean window
               ;?     if (state.pTdcSmplLowCount[n] >= TDC_SMPL_WINDOW_SIZE) {
01bb ---- 1103                             ld          R1, #(capacitiveTouch/state/pTdcSmplLowCount + 0)
01bc ---- 9f19                             ld          R1, [R1+R0]
01bd ---- 9a08                             cmp         R1, #8
01be ---- ae27                             bltu        /id0437
               ;?         ifnot (state.pTdcSmplLowCount[n] & (TDC_SMPL_WINDOW_SIZE - 1)) {
01bf ---- 1103                                 ld          R1, #(capacitiveTouch/state/pTdcSmplLowCount + 0)
01c0 ---- 9f19                                 ld          R1, [R1+R0]
01c1 ---- 9c07                                 tst         R1, #7
01c2 ---- be23                                 bnz         /id0440
               ;?
               ;?             // Shift the current low mean window, and calculate the mean value of the moved values
               ;?             U16* pLowMeanItem = pLowMeanWindowPinBase + (LOW_MEAN_WINDOW_SIZE - 2);
01c3 ---- 9d43                                     ld          R1, R3
01c4 ---- 9806                                     add         R1, #6
               ;?             U16 lowMeanWindowMean = 0;
01c5 ---- 5000                                     ld          R5, #0
               ;?             while (pLowMeanItem >= pLowMeanWindowPinBase) {
               /id0445:
01c6 ---- 9d2b                                     cmp         R1, R3
01c7 ---- ae09                                     bltu        /id0446
               ;?                 U16 lowMeanItemValue = *(pLowMeanItem++);
01c8 ---- ef11                                         ld          R6, [R1++]
               ;?                 *pLowMeanItem = lowMeanItemValue;
01c9 ---- ef29                                         st          R6, [R1]
               ;?                 pLowMeanItem -= 2;
01ca ---- 98fe                                         add         R1, #-2
               ;?
               ;?                 // Add to the average, using the TDC value window mean for uninitialized entries
               ;?                 if (lowMeanItemValue == 0) {
01cb ---- ea00                                         cmp         R6, #0
01cc ---- be02                                         bneq        /id0452
               ;?                     lowMeanWindowMean += tdcSmplWindowMean;
01cd ---- dd24                                             add         R5, R4
               ;?                 } else {
01ce ---- 05d0                                         jmp         /id0454
               /id0452:
               ;?                     lowMeanWindowMean += lowMeanItemValue;
01cf ---- dd26                                             add         R5, R6
               ;?                 }
               /id0454:
               ;?             }
01d0 ---- 05c6                                     jmp         /id0445
               /id0446:
               ;?
               ;?             // Insert the new TDC value window mean, and finalize the sum
               ;?             *pLowMeanWindowPinBase = tdcSmplWindowMean;
01d1 ---- cf2b                                     st          R4, [R3]
               ;?             lowMeanWindowMean += tdcSmplWindowMean;
01d2 ---- dd24                                     add         R5, R4
               ;?             lowMeanWindowMean >>= LOW_MEAN_WINDOW_EXP;
01d3 ---- ddab                                     lsr         R5, #3
               ;?
               ;?             // Calculate the low mean value by IIR filtering
               ;?             if (state.startupIterCount < LOW_MEAN_IIR_UPDATE_PERIOD) {
01d4 ---- 191c                                     ld          R1, [#capacitiveTouch/state/startupIterCount]
01d5 ---- 9a40                                     cmp         R1, #64
01d6 ---- a603                                     bgeu        /id0466
               ;?                 state.pLowMeanIirFilter[n] = lowMeanWindowMean;
01d7 ---- 10f1                                         ld          R1, #(capacitiveTouch/state/pLowMeanIirFilter + 0)
01d8 ---- df39                                         st          R5, [R1+R0]
               ;?             } else {
01d9 ---- 05e6                                     jmp         /id0468
               /id0466:
               ;?                 iirFilter(state.pLowMeanIirFilter[n], lowMeanWindowMean, LOW_MEAN_IIR_DIV_EXP);
               ;?                 >   U16 accInt = acc << 1;
01da ---- 10f1                                         ld          R1, #(capacitiveTouch/state/pLowMeanIirFilter + 0)
01db ---- 9f19                                         ld          R1, [R1+R0]
01dc ---- 9da1                                         lsl         R1, #1
               ;?                 >   accInt -= acc >> (divExp - 1);
01dd ---- 60f1                                         ld          R6, #(capacitiveTouch/state/pLowMeanIirFilter + 0)
01de ---- ef1e                                         ld          R6, [R6+R0]
01df ---- edb9                                         asr         R6, #1
01e0 ---- 9d1e                                         sub         R1, R6
               ;?                 >   accInt += add >> (divExp - 1);
01e1 ---- dda9                                         lsr         R5, #1
01e2 ---- 9d25                                         add         R1, R5
               ;?                 >   acc = accInt >> 1;
01e3 ---- 9da9                                         lsr         R1, #1
01e4 ---- 50f1                                         ld          R5, #(capacitiveTouch/state/pLowMeanIirFilter + 0)
01e5 ---- 9f3d                                         st          R1, [R5+R0]
               ;?             }
               /id0468:
               ;?         }
               /id0440:
               ;?     }
               /id0437:
               ;?
               ;?     // During initialization we do this for every iteration. This wastes a few cycles, but reduces complexity
               ;?     if (state.startupIterCount < TDC_SMPL_WINDOW_SIZE) {
01e6 ---- 191c                             ld          R1, [#capacitiveTouch/state/startupIterCount]
01e7 ---- 9a08                             cmp         R1, #8
01e8 ---- a60d                             bgeu        /id0482
               ;?         state.pTdcSmplLowCount[n] += 1;
01e9 ---- 1103                                 ld          R1, #(capacitiveTouch/state/pTdcSmplLowCount + 0)
01ea ---- 9f19                                 ld          R1, [R1+R0]
01eb ---- 9801                                 add         R1, #1
01ec ---- 5103                                 ld          R5, #(capacitiveTouch/state/pTdcSmplLowCount + 0)
01ed ---- 9f3d                                 st          R1, [R5+R0]
               ;?         state.pBaselineValue[n] = tdcSmplWindowMean;
01ee ---- 10ed                                 ld          R1, #(capacitiveTouch/state/pBaselineValue + 0)
01ef ---- cf39                                 st          R4, [R1+R0]
               ;?         state.pHighValue[n] = tdcSmplWindowMean + (tdcSmplWindowMean >> 5); // Baseline + 1/32
01f0 ---- 9d44                                 ld          R1, R4
01f1 ---- cdad                                 lsr         R4, #5
01f2 ---- 9d24                                 add         R1, R4
01f3 ---- 40ef                                 ld          R4, #(capacitiveTouch/state/pHighValue + 0)
01f4 ---- 9f3c                                 st          R1, [R4+R0]
               ;?
               ;?     // After initialization ...
               ;?     } else {
01f5 ---- 0677                             jmp         /id0484
               /id0482:
               ;?
               ;?         // If not touched after the last measurement ...
               ;?         U16 baselineValue = state.pBaselineValue[n];
01f6 ---- 10ed                                 ld          R1, #(capacitiveTouch/state/pBaselineValue + 0)
01f7 ---- 9f19                                 ld          R1, [R1+R0]
               ;?         U16 highValue = state.pHighValue[n];
01f8 ---- 50ef                                 ld          R5, #(capacitiveTouch/state/pHighValue + 0)
01f9 ---- df1d                                 ld          R5, [R5+R0]
               ;?         if (state.pTouchDet[n] == 0) {
01fa ---- 6117                                 ld          R6, #(capacitiveTouch/state/pTouchDet + 0)
01fb ---- ef1e                                 ld          R6, [R6+R0]
01fc ---- ea00                                 cmp         R6, #0
01fd ---- be1f                                 bneq        /id0498
               ;?
               ;?             // Update the baseline after a backoff period
               ;?             U16 lowMeanIirFilter = state.pLowMeanIirFilter[n];
01fe ---- 60f1                                     ld          R6, #(capacitiveTouch/state/pLowMeanIirFilter + 0)
01ff ---- ef1e                                     ld          R6, [R6+R0]
               ;?             if (state.pTdcSmplLowCount[n] > (LOW_MEAN_IIR_UPDATE_PERIOD + BASELINE_UPDATE_PERIOD)) {
0200 ---- 7103                                     ld          R7, #(capacitiveTouch/state/pTdcSmplLowCount + 0)
0201 ---- ff1f                                     ld          R7, [R7+R0]
0202 ---- fa60                                     cmp         R7, #96
0203 ---- 9e18                                     bleu        /id0504
               ;?
               ;?                 // The baseline value tracks faster when going down than when going up
               ;?                 if (lowMeanIirFilter < baselineValue) {
0204 ---- ed29                                         cmp         R6, R1
0205 ---- a607                                         bgeu        /id0507
               ;?                     iirFilter(baselineValue, lowMeanIirFilter, 1);
               ;?                     >   U16 accInt = acc << 1;
0206 ---- fd41                                             ld          R7, R1
0207 ---- fda1                                             lsl         R7, #1
               ;?                     >   accInt -= acc >> (divExp - 1);
0208 ---- fd19                                             sub         R7, R1
               ;?                     >   accInt += add >> (divExp - 1);
0209 ---- fd26                                             add         R7, R6
               ;?                     >   acc = accInt >> 1;
020a ---- 9d47                                             ld          R1, R7
020b ---- 9da9                                             lsr         R1, #1
               ;?                 } else {
020c ---- 0615                                         jmp         /id0510
               /id0507:
               ;?                     iirFilter(baselineValue, lowMeanIirFilter, 3);
               ;?                     >   U16 accInt = acc << 1;
020d ---- fd41                                             ld          R7, R1
020e ---- fda1                                             lsl         R7, #1
               ;?                     >   accInt -= acc >> (divExp - 1);
020f ---- 9daa                                             lsr         R1, #2
0210 ---- fd19                                             sub         R7, R1
               ;?                     >   accInt += add >> (divExp - 1);
0211 ---- edaa                                             lsr         R6, #2
0212 ---- fd26                                             add         R7, R6
               ;?                     >   acc = accInt >> 1;
0213 ---- 9d47                                             ld          R1, R7
0214 ---- 9da9                                             lsr         R1, #1
               ;?                 }
               /id0510:
               ;?                 state.pBaselineValue[n] = baselineValue;
0215 ---- 60ed                                         ld          R6, #(capacitiveTouch/state/pBaselineValue + 0)
0216 ---- 9f3e                                         st          R1, [R6+R0]
               ;?
               ;?                 // Back off
               ;?                 state.pTdcSmplLowCount[n] -= BASELINE_UPDATE_PERIOD;
0217 ---- 6103                                         ld          R6, #(capacitiveTouch/state/pTdcSmplLowCount + 0)
0218 ---- ef1e                                         ld          R6, [R6+R0]
0219 ---- e8e0                                         add         R6, #-32
021a ---- 7103                                         ld          R7, #(capacitiveTouch/state/pTdcSmplLowCount + 0)
021b ---- ef3f                                         st          R6, [R7+R0]
               ;?             }
               /id0504:
               ;?
               ;?         // Otherwise ...
               ;?         } else {
021c ---- 0626                                 jmp         /id0501
               /id0498:
               ;?
               ;?             // Update the high value
               ;?             iirFilter(highValue, tdcSmplWindowMean, 4);
               ;?             >   U16 accInt = acc << 1;
021d ---- ed45                                     ld          R6, R5
021e ---- eda1                                     lsl         R6, #1
               ;?             >   accInt -= acc >> (divExp - 1);
021f ---- ddab                                     lsr         R5, #3
0220 ---- ed1d                                     sub         R6, R5
               ;?             >   accInt += add >> (divExp - 1);
0221 ---- dd44                                     ld          R5, R4
0222 ---- ddab                                     lsr         R5, #3
0223 ---- ed25                                     add         R6, R5
               ;?             >   acc = accInt >> 1;
0224 ---- dd46                                     ld          R5, R6
0225 ---- dda9                                     lsr         R5, #1
               ;?         }
               /id0501:
               ;?         output.pBaselineValue[n] = baselineValue;
0226 ---- 68bf                                 ld          R6, [#capacitiveTouch/outputScePtr]
0227 ---- e802                                 add         R6, #(2 + 0)
0228 ---- 9f3e                                 st          R1, [R6+R0]
               ;?
               ;?         // Limit the high value to the range [baseline + 1/32, baseline + 1/4]
               ;?         U16 minHighValue = baselineValue + (baselineValue >> 5);
0229 ---- ed41                                 ld          R6, R1
022a ---- fd41                                 ld          R7, R1
022b ---- fdad                                 lsr         R7, #5
022c ---- ed27                                 add         R6, R7
               ;?         if (highValue < minHighValue) {
022d ---- dd2e                                 cmp         R5, R6
022e ---- a601                                 bgeu        /id0545
               ;?             highValue = minHighValue;
022f ---- dd46                                     ld          R5, R6
               ;?         }
               /id0545:
               ;?         U16 maxHighValue = baselineValue + (baselineValue >> 2);
0230 ---- ed41                                 ld          R6, R1
0231 ---- fd41                                 ld          R7, R1
0232 ---- fdaa                                 lsr         R7, #2
0233 ---- ed27                                 add         R6, R7
               ;?         if (highValue > maxHighValue) {
0234 ---- dd2e                                 cmp         R5, R6
0235 ---- 9e01                                 bleu        /id0551
               ;?             highValue = maxHighValue;
0236 ---- dd46                                     ld          R5, R6
               ;?         }
               /id0551:
               ;?         state.pHighValue[n] = highValue;
0237 ---- 60ef                                 ld          R6, #(capacitiveTouch/state/pHighValue + 0)
0238 ---- df3e                                 st          R5, [R6+R0]
               ;?         output.pHighValue[n] = highValue;
0239 ---- 68bf                                 ld          R6, [#capacitiveTouch/outputScePtr]
023a ---- e804                                 add         R6, #(4 + 0)
023b ---- df3e                                 st          R5, [R6+R0]
               ;?
               ;?         // Set the touch detection threshold to 1/2 between the baseline and the high value
               ;?         //U16 thresValue = baselineValue + ((highValue - baselineValue) >> 1);
               ;?         //output.pThresValue[n] = thresValue;
               ;?
               ;?         // --- STAŁY offset nad śledzonym baseline + histereza ---
               ;?         // (adaptacyjny midpoint nie działał przez szkło: podłoga minHighValue
               ;?         //  wymuszała próg >= ~+28, a delta through-glass to ~+25)
               ;?         U16 thresValue;
               ;?         if (state.pTouchDet[n] != 0) {
023c ---- 5117                                 ld          R5, #(capacitiveTouch/state/pTouchDet + 0)
023d ---- df1d                                 ld          R5, [R5+R0]
023e ---- da00                                 cmp         R5, #0
023f ---- b602                                 beq         /id0559
               ;?             thresValue = baselineValue + TOUCH_RELEASE_OFFSET;  // zwolnij niżej
0240 ---- 9806                                     add         R1, #6
               ;?         } else {
0241 ---- 0643                                 jmp         /id0562
               /id0559:
               ;?             thresValue = baselineValue + TOUCH_DETECT_OFFSET;   // załącz wyżej
0242 ---- 980c                                     add         R1, #12
               ;?         }
               /id0562:
               ;?         output.pThresValue[n] = thresValue;
0243 ---- 58bf                                 ld          R5, [#capacitiveTouch/outputScePtr]
0244 ---- d80a                                 add         R5, #(10 + 0)
0245 ---- 9f3d                                 st          R1, [R5+R0]
               ;?
               ;?         // Detect touch
               ;?      //   U16 touchDetNow;
               ;?      //   if (tdcSmplWindowMean > thresValue){
               ;?      //       touchDetNow = 1;
               ;?      //       state.pTdcSmplLowCount[n] = 0;
               ;?      //       state.smplPeriod = cfg.minSmplPeriod;
               ;?      //   } else {
               ;?      //       touchDetNow = 0;
               ;?      //       state.pTdcSmplLowCount[n] += 1;
               ;?      //   }
               ;?
               ;?         // Detect touch
               ;?         U16 touchDetNow;
               ;?         if (tdcSmplWindowMean > thresValue){
0246 ---- cd29                                 cmp         R4, R1
0247 ---- 9e17                                 bleu        /id0567
               ;?             touchDetNow = 1;
0248 ---- 1001                                     ld          R1, #1
               ;?             state.pTdcSmplLowCount[n] = 0;
0249 ---- 5000                                     ld          R5, #0
024a ---- 6103                                     ld          R6, #(capacitiveTouch/state/pTdcSmplLowCount + 0)
024b ---- df3e                                     st          R5, [R6+R0]
               ;?             state.smplPeriod = cfg.minSmplPeriod;
024c ---- 58ba                                     ld          R5, [#capacitiveTouch/cfg/minSmplPeriod]
024d ---- 5d1b                                     st          R5, [#capacitiveTouch/state/smplPeriod]
               ;?
               ;?             // Anti-stuck: "dotyk" dłuższy niż realny palec (> MAX_TOUCH_ITERATIONS)
               ;?             // to skok środowiskowy, nie palec -> przeskocz baseline i zwolnij.
               ;?             state.pTouchHoldCount[n] += 1;
024e ---- 5119                                     ld          R5, #(capacitiveTouch/state/pTouchHoldCount + 0)
024f ---- df1d                                     ld          R5, [R5+R0]
0250 ---- d801                                     add         R5, #1
0251 ---- 6119                                     ld          R6, #(capacitiveTouch/state/pTouchHoldCount + 0)
0252 ---- df3e                                     st          R5, [R6+R0]
               ;?             if (state.pTouchHoldCount[n] > MAX_TOUCH_ITERATIONS) {
0253 ---- 5119                                     ld          R5, #(capacitiveTouch/state/pTouchHoldCount + 0)
0254 ---- df1d                                     ld          R5, [R5+R0]
0255 8605 dadc                                     cmp         R5, #1500
0257 ---- 9e06                                     bleu        /id0579
               ;?                 state.pBaselineValue[n] = tdcSmplWindowMean;
0258 ---- 10ed                                         ld          R1, #(capacitiveTouch/state/pBaselineValue + 0)
0259 ---- cf39                                         st          R4, [R1+R0]
               ;?                 state.pTouchHoldCount[n] = 0;
025a ---- 1000                                         ld          R1, #0
025b ---- 4119                                         ld          R4, #(capacitiveTouch/state/pTouchHoldCount + 0)
025c ---- 9f3c                                         st          R1, [R4+R0]
               ;?                 touchDetNow = 0;
025d ---- 1000                                         ld          R1, #0
               ;?             }
               /id0579:
               ;?         } else {
025e ---- 0668                                 jmp         /id0570
               /id0567:
               ;?             touchDetNow = 0;
025f ---- 1000                                     ld          R1, #0
               ;?             state.pTdcSmplLowCount[n] += 1;
0260 ---- 4103                                     ld          R4, #(capacitiveTouch/state/pTdcSmplLowCount + 0)
0261 ---- cf1c                                     ld          R4, [R4+R0]
0262 ---- c801                                     add         R4, #1
0263 ---- 5103                                     ld          R5, #(capacitiveTouch/state/pTdcSmplLowCount + 0)
0264 ---- cf3d                                     st          R4, [R5+R0]
               ;?             state.pTouchHoldCount[n] = 0;
0265 ---- 4000                                     ld          R4, #0
0266 ---- 5119                                     ld          R5, #(capacitiveTouch/state/pTouchHoldCount + 0)
0267 ---- cf3d                                     st          R4, [R5+R0]
               ;?         }
               /id0570:
               ;?
               ;?         // Find whether we should generate any output
               ;?         if (touchDetNow != state.pTouchDet[n]) {
0268 ---- 4117                                 ld          R4, #(capacitiveTouch/state/pTouchDet + 0)
0269 ---- cf1c                                 ld          R4, [R4+R0]
026a ---- 9d2c                                 cmp         R1, R4
026b ---- b605                                 beq         /id0594
               ;?             state.pTouchDet[n] = touchDetNow;
026c ---- 4117                                     ld          R4, #(capacitiveTouch/state/pTouchDet + 0)
026d ---- 9f3c                                     st          R1, [R4+R0]
               ;?             state.genOutput = 1;
026e ---- 4001                                     ld          R4, #1
026f ---- 4cec                                     st          R4, [#capacitiveTouch/state/genOutput]
               ;?         } else {
0270 ---- 0674                                 jmp         /id0598
               /id0594:
               ;?             state.genOutput |= touchDetNow;
0271 ---- 48ec                                     ld          R4, [#capacitiveTouch/state/genOutput]
0272 ---- cd09                                     or          R4, R1
0273 ---- 4cec                                     st          R4, [#capacitiveTouch/state/genOutput]
               ;?         }
               /id0598:
               ;?         output.pTouchDet[n] = touchDetNow;
0274 ---- 48bf                                 ld          R4, [#capacitiveTouch/outputScePtr]
0275 ---- c80c                                 add         R4, #(12 + 0)
0276 ---- 9f3c                                 st          R1, [R4+R0]
               ;?     }
               /id0484:
               ;?
               ;?     // Move on to the next window of TDC samples
               ;?     pTdcSmplWindowPinBase += TDC_SMPL_WINDOW_SIZE;
0277 ---- a808                             add         R2, #8
               ;?     pLowMeanWindowPinBase += LOW_MEAN_WINDOW_SIZE;
0278 ---- b808                             add         R3, #8
               ;? }
0279 ---- 8801                         add         R0, #1
027a ---- 8a02                         cmp         R0, #2
027b ---- a601                         bgeu        /br0000 ; Repaired out-of-range bltu
027c ---- 054f                         jmp         /id0610
               /br0000:
               ;?
               ;? // Disable COMPA, ISRC and TDC
               ;? tdcDisable();
027d ---- 171a                         jsr         TdcDisable
               ;? isrcDisable();
027e ---- 70ff                         ld          R7, #0x00FF
027f ---- fba4                         out         R7, [#IOP_ADICLR_ISRC_COMP]
0280 ---- fba4                         out         R7, [#IOP_ADICLR_ISRC_COMP]
               ;? compaDisable();
0281 ---- 1720                         jsr         CompaDisable
0282 ---- 70fe                         ld          R7, #((~1) & 0x00FF)
0283 ---- 172e                         jsr         LpmbiasDisable
               ;?
               ;? // Release shared peripherals
               ;? fwReleasePeripheral(PERIPHERAL_COMPA_ISRC);
0284 ---- 6488                         iobset      #0, [#(IOP_SMPH_SMPH0 + 3)]
               ;? fwReleasePeripheral(PERIPHERAL_TDC);
0285 ---- 6486                         iobset      #0, [#(IOP_SMPH_SMPH0 + 1)]
               ;?
               ;? // If filter initialization has not been done ...
               ;? U16 smplPeriod = state.smplPeriod;
0286 ---- 091b                         ld          R0, [#capacitiveTouch/state/smplPeriod]
               ;? if (state.startupIterCount < 100) {
0287 ---- 191c                         ld          R1, [#capacitiveTouch/state/startupIterCount]
0288 ---- 9a64                         cmp         R1, #100
0289 ---- a605                         bgeu        /id0616
               ;?     state.startupIterCount += 1;
028a ---- 091c                             ld          R0, [#capacitiveTouch/state/startupIterCount]
028b ---- 8801                             add         R0, #1
028c ---- 0d1c                             st          R0, [#capacitiveTouch/state/startupIterCount]
               ;?
               ;?     // Set minimum sampling period
               ;?     smplPeriod = cfg.minSmplPeriod;
028d ---- 08ba                             ld          R0, [#capacitiveTouch/cfg/minSmplPeriod]
               ;?
               ;? // Otherwise ...
               ;? } else {
028e ---- 069d                         jmp         /id0618
               /id0616:
               ;?
               ;?     // Ensure that the sampling period is not less than the minimum (for example while tuning)
               ;?     U16 minSmplPeriod = cfg.minSmplPeriod;
028f ---- 18ba                             ld          R1, [#capacitiveTouch/cfg/minSmplPeriod]
               ;?     if (smplPeriod < minSmplPeriod) {
0290 ---- 8d29                             cmp         R0, R1
0291 ---- a601                             bgeu        /id0623
               ;?         smplPeriod = minSmplPeriod;
0292 ---- 8d41                                 ld          R0, R1
               ;?     }
               /id0623:
               ;?
               ;?     // Increase the sample period, slowly at first and then faster until reaching the maximum.
               ;?     // When touch is detected, the sampling period is set back to the minimum below.
               ;?     smplPeriod += ((smplPeriod - minSmplPeriod) >> 4);
0293 ---- ad40                             ld          R2, R0
0294 ---- ad19                             sub         R2, R1
0295 ---- adac                             lsr         R2, #4
0296 ---- 8d22                             add         R0, R2
               ;?     U16 maxSmplPeriod = cfg.maxSmplPeriod;
0297 ---- 18b9                             ld          R1, [#capacitiveTouch/cfg/maxSmplPeriod]
               ;?     if (smplPeriod < maxSmplPeriod) {
0298 ---- 8d29                             cmp         R0, R1
0299 ---- a602                             bgeu        /id0632
               ;?         smplPeriod += 1;
029a ---- 8801                                 add         R0, #1
               ;?     } else {
029b ---- 069d                             jmp         /id0635
               /id0632:
               ;?         smplPeriod = maxSmplPeriod;
029c ---- 8d41                                 ld          R0, R1
               ;?     }
               /id0635:
               ;? }
               /id0618:
               ;? state.smplPeriod = smplPeriod;
029d ---- 0d1b                         st          R0, [#capacitiveTouch/state/smplPeriod]
               ;?
               ;? // Always generate output during run-time logging
               ;? U16 logMask;
               ;? rtlGetLogMask(logMask);
029e ---- 08ab                         ld          R0, [#(pRtlTaskLogMaskTable + 0)]
               ;? if (logMask != 0) {
029f ---- 8a00                         cmp         R0, #0
02a0 ---- b602                         beq         /id0640
               ;?     state.genOutput = 1;
02a1 ---- 0001                             ld          R0, #1
02a2 ---- 0cec                             st          R0, [#capacitiveTouch/state/genOutput]
               ;? }
               /id0640:
               ;?
               ;? // Indicate errors
               ;? output.bvTdcTimeout = state.bvTdcTimeout;
02a3 ---- 08ea                         ld          R0, [#capacitiveTouch/state/bvTdcTimeout]
02a4 ---- 18bf                         ld          R1, [#capacitiveTouch/outputScePtr]
02a5 ---- 8f29                         st          R0, [R1]
               ;? output.bvTdcValueOverflow = state.bvTdcValueOverflow;
02a6 ---- 08eb                         ld          R0, [#capacitiveTouch/state/bvTdcValueOverflow]
02a7 ---- 18bf                         ld          R1, [#capacitiveTouch/outputScePtr]
02a8 ---- 9801                         add         R1, #(1 + 0)
02a9 ---- 8f29                         st          R0, [R1]
               ;?
               ;? // Generate output:
               ;? // - While touch is detected
               ;? // - When touch detection ends
               ;? // - Every time during run-time logging
               ;? if (state.genOutput != 0) {
02aa ---- 08ec                         ld          R0, [#capacitiveTouch/state/genOutput]
02ab ---- 8a00                         cmp         R0, #0
02ac ---- b618                         beq         /id0647
               ;?     fwSwitchOutputBuffer();
02ad ---- 08bd                             ld          R0, [#(capacitiveTouch/outputSceBufferCtrl + 0)]
02ae ---- 881c                             add         R0, #28
02af 8601 8ad4                             cmp         R0, #(((capacitiveTouch/outputSceBufferCtrl + 3) << 1) + 84)
02b1 ---- ae02                             bltu        /id0649
02b2 ---- 88ac                             add         R0, #-84
02b3 ---- 8401                             xor         R0, #0x0001
               /id0649:
02b4 ---- 2001                             ld          R2, #(1 << 0)
02b5 ---- 18be                             ld          R1, [#capacitiveTouch/outputSceBufferCtrl + 1]
02b6 ---- 8d29                             cmp         R0, R1
02b7 ---- be01                             bneq        /id0650
02b8 ---- 8e03                             bra         /id0651
               /id0650:
02b9 ---- 0cbd                             st          R0, [#capacitiveTouch/outputSceBufferCtrl + 0]
02ba ---- 8da9                             lsr         R0, #1
02bb ---- 0cbf                             st          R0, [#capacitiveTouch/outputSceBufferCtrl + 2]
               /id0651:
02bc ---- 08ae                             ld          R0, [#fwCtrlInt/bvTaskIoAlert]
02bd ---- 8d0a                             or          R0, R2
02be ---- 0cae                             st          R0, [#fwCtrlInt/bvTaskIoAlert]
               ;?     state.genOutput = 0;
02bf ---- 0000                             ld          R0, #0
02c0 ---- 0cec                             st          R0, [#capacitiveTouch/state/genOutput]
               ;?
               ;?     // Run-time logging
               ;?     rtlLogStructs(BV_RTL_LOG_OUTPUT | BV_RTL_LOG_STATE);
02c1 ---- 000c                             ld          R0, #12
02c2 ---- 18ab                             ld          R1, [#(pRtlTaskLogMaskTable + 0)]
02c3 ---- 8d01                             and         R0, R1
02c4 ---- 0caa                             st          R0, [#(pRtlTaskLogReqTable + 0)]
               ;? }
               /id0647:
               ;?
               ;? // Schedule the next execution
               ;? evhSetupTimer1Trigger(0, state.smplPeriod, 0);
02c5 ---- 091b                         ld          R0, [#capacitiveTouch/state/smplPeriod]
02c6 ---- 8b82                         out         R0, [#IOP_TIMER01_T1TARGET]
02c7 8623 0302                         ld          R0, #(((0 << IOB_TIMER01_TXCFG_PRE) | TIMER01_TXCFG_TICK_SRC_AON_RTC_4KHZ) | BV_TIMER01_TXCFG_MODE_TICK)
02c9 ---- 8b7e                         out         R0, [#IOP_TIMER01_T1CFG]
02ca ---- 0035                         ld          R0, #SYSIF_PROGWUCFG_SRC_AUX_TIMER1_EV
02cb ---- 8b56                         out         R0, [#((IOP_SYSIF_PROGWU1CFG + 0) + 0)]
02cc ---- 655b                         iobset      #((IOB_SYSIF_WUFLAGS_PROG_WU1 + 0) + 0), [#IOP_SYSIF_WUFLAGSCLR]
02cd ---- 455b                         iobclr      #((IOB_SYSIF_WUFLAGS_PROG_WU1 + 0) + 0), [#IOP_SYSIF_WUFLAGSCLR]
02ce ---- 7656                         iobset      #IOB_SYSIF_PROGWUCFG_EN, [#((IOP_SYSIF_PROGWU1CFG + 0) + 0)]
02cf ---- 6480                         iobset      #0, [#IOP_TIMER01_T1CTL]
               capacitiveTouch/event0Done:
02d0 ---- adb7                         rts




               capacitiveTouch/terminate:
               ;? // Stop triggering the event handler code
               ;? evhCancelTrigger(0);
02d1 ---- 5656                         iobclr      #IOB_SYSIF_PROGWUCFG_EN, [#((IOP_SYSIF_PROGWU1CFG + 0) + 0)]
02d2 ---- 655b                         iobset      #((IOB_SYSIF_WUFLAGS_PROG_WU1 + 0) + 0), [#IOP_SYSIF_WUFLAGSCLR]
02d3 ---- 455b                         iobclr      #((IOB_SYSIF_WUFLAGS_PROG_WU1 + 0) + 0), [#IOP_SYSIF_WUFLAGSCLR]
               capacitiveTouch/terminateDone:
02d4 ---- adb7                         rts
               .segment end "Task: Capacitive Touch"


               .segment begin "Procedure Library"
               ; PARAMETERS:
               ;     R7 = AUX I/O index
               ;
               ; CLOBBERS:
               ;     R5, R6, R7
               gpioClearOutput:
                                       ; Calculate the I/O register address
02d5 ---- ed47                         ld          R6, R7
02d6 ---- edab                         lsr         R6, #3
02d7 8600 e8c6                         add         R6, #IOP_AIODIO0_GPIODOUTCLR

                                       ; Create the bit-vector to be used for manipulation
02d9 ---- f007                         and         R7, #0x0007
02da ---- 5001                         ld          R5, #1
02db ---- dd87                         lsl         R5, R7

                                       ; Set the GPIO
02dc ---- df26                         out         R5, [R6]
02dd ---- adb7                         rts




               ; CLOBBERS:
               ;     R7
               CompaEnableWithCapTouchRef:
                                       ; Disconnect all internal/external references
02de ---- 700f                         ld          R7, #BV_ADI16_MUX0_COMPA_REF
02df ---- fba2                         out         R7, [#IOP_ADICLR_MUX0_MUX1]
02e0 86ff 7300                         ld          R7, #BV_ADI16_MUX4_COMPA_REF
02e2 ---- fba5                         out         R7, [#IOP_ADICLR_CHPTEST_MUX4]

                                       ; Enable COMPA with 0.8V reference generated by ISRC
02e3 86c1 7100                         ld          R7, #(ADI16_COMP_COMPA_EN | (ADI16_COMP_ISRC_COMPA_REF_CURR_EN | ADI16_COMP_ISRC_COMPA_REF_RES_EN))
02e5 ---- fb9c                         out         R7, [#IOP_ADISET_ISRC_COMP]

                                       ; Flush the ADI interface
02e6 ---- fb9c                         out         R7, [#IOP_ADISET_ISRC_COMP]

02e7 ---- adb7                         rts




               ; PARAMETERS:
               ;     R7 = AUX I/O index (19-26)
               ;
               ; CLOBBERS:
               ;     R6, R7
               CompaSelectGpioRef:
                                       ; Make sure that the AUX I/O index is valid
02e8 ---- f8ed                         add         R7, #-ADI_ANALOG_MUX_AUXIO_BASE_INDEX
02e9 ---- f007                         and         R7, #0x0007

                                       ; Disconnect all signals
02ea ---- 600f                         ld          R6, #BV_ADI16_MUX0_COMPA_REF
02eb ---- eba2                         out         R6, [#IOP_ADICLR_MUX0_MUX1]
02ec 86ff 6300                         ld          R6, #BV_ADI16_MUX4_COMPA_REF
02ee ---- eba5                         out         R6, [#IOP_ADICLR_CHPTEST_MUX4]
02ef ---- 4693                         iobclr      #BV_ANAIF_DACCTL_DAC_VOUT_SEL_COMPA_REF, [#IOP_ANAIF_DACCTL]

                                       ; Connect the specified GPIO
02f0 8680 6000                         ld          R6, #ADI16_MUX4_COMPA_REF_AUXIO0
02f2 ---- ed8f                         lsr         R6, R7
02f3 ---- eb9d                         out         R6, [#IOP_ADISET_CHPTEST_MUX4]

                                       ; Flush the ADI interface
02f4 ---- eb9d                         out         R6, [#IOP_ADISET_CHPTEST_MUX4]

02f5 ---- adb7                         rts




               ; CLOBBERS:
               ;     -
               TdcEnable:
                                       ; Enable the TDC clock
02f6 ---- 6468                         iobset      #IOB_SYSIF_TDCCLKCTL_REQ, [#IOP_SYSIF_TDCCLKCTL]
02f7 ---- 2568 /waitOnTdcclk:          iobtst      #IOB_SYSIF_TDCCLKCTL_ACK, [#IOP_SYSIF_TDCCLKCTL]
02f8 ---- a6fe                         biob0       /waitOnTdcclk

02f9 ---- adb7                         rts




               ; PARAMETERS:
               ;     R7 = AUX I/O index (19-26)
               ;
               ; CLOBBERS:
               ;     R6, R7
               CompaSelectGpioInput:
                                       ; Make sure that the AUX I/O index is valid
02fa ---- f8ed                         add         R7, #-ADI_ANALOG_MUX_AUXIO_BASE_INDEX
02fb ---- f007                         and         R7, #0x0007

                                       ; Disconnect all signals
02fc 86ff 6330                         ld          R6, #(BV_ADI16_MUX0_COMPA_IN | BV_ADI16_MUX1_COMPA_IN)
02fe ---- eba2                         out         R6, [#IOP_ADICLR_MUX0_MUX1]
02ff ---- 5493                         iobclr      #BV_ANAIF_DACCTL_DAC_VOUT_SEL_COMPA_IN, [#IOP_ANAIF_DACCTL]

                                       ; Connect the specified GPIO
0300 8680 6000                         ld          R6, #ADI16_MUX1_COMPA_IN_AUXIO0
0302 ---- ed8f                         lsr         R6, R7
0303 ---- eb9a                         out         R6, [#IOP_ADISET_MUX0_MUX1]

                                       ; Flush the ADI interface
0304 ---- eb9a                         out         R6, [#IOP_ADISET_MUX0_MUX1]

0305 ---- adb7                         rts




               ; PARAMETERS:
               ;     R7 = Mode of operation
               ;
               ; CLOBBERS:
               ;     R6
               TdcArm:
                                       ; Abort the TDC
0306 ---- 6003                         ld          R6, #0x0003
0307 ---- eb31                         out         R6, [#IOP_TDC_CTL]

                                       ; Set the saturation limit to maximum, and use an AUX timer for timeout
0308 ---- 600f                         ld          R6, #15
0309 ---- eb35                         out         R6, [#IOP_TDC_SATCFG]

                                       ; Reset the TDC result
030a ---- 6000                         ld          R6, #0x0000
030b ---- eb31                         out         R6, [#IOP_TDC_CTL]

                                       ; Arm the TDC
030c ---- fb31                         out         R7, [#IOP_TDC_CTL]

                                       ; Clear the TDC_DONE event (moved after arming to allow for signal propagation)
030d ---- 7643                         iobset      #IOB_EVCTL_EVTOAON_TDC_DONE, [#IOP_EVCTL_EVTOAONFLAGSCLR]

                                       ; Wait for 8 clock cycles for the TDC to get ready before generating the start trigger
030e ---- a500                         loop        #4, /loopEnd
030f ---- fd47                             nop
               /loopEnd:
0310 ---- adb7                         rts




               ; PARAMETERS:
               ;     R7 = AUX I/O index
               ;
               ; CLOBBERS:
               ;     R5, R6, R7
               gpioSetOutput:
                                       ; Calculate the I/O register address
0311 ---- ed47                         ld          R6, R7
0312 ---- edab                         lsr         R6, #3
0313 8600 e8c2                         add         R6, #IOP_AIODIO0_GPIODOUTSET

                                       ; Create the bit-vector to be used for manipulation
0315 ---- f007                         and         R7, #0x0007
0316 ---- 5001                         ld          R5, #1
0317 ---- dd87                         lsl         R5, R7

                                       ; Set the GPIO
0318 ---- df26                         out         R5, [R6]
0319 ---- adb7                         rts




               ; CLOBBERS:
               ;     R7
               TdcDisable:
                                       ; Abort the TDC
031a ---- 7003                         ld          R7, #0x0003
031b ---- fb31                         out         R7, [#IOP_TDC_CTL]

                                       ; Disable the TDC clock
031c ---- 4468                         iobclr      #IOB_SYSIF_TDCCLKCTL_REQ, [#IOP_SYSIF_TDCCLKCTL]
031d ---- 2568 /waitOnTdcclk:          iobtst      #IOB_SYSIF_TDCCLKCTL_ACK, [#IOP_SYSIF_TDCCLKCTL]
031e ---- aefe                         biob1       /waitOnTdcclk

031f ---- adb7                         rts




               ; CLOBBERS:
               ;     R7
               CompaDisable:
                                       ; Disable COMPA
0320 86ff 7300                         ld          R7, #0xFF00
0322 ---- fba4                         out         R7, [#IOP_ADICLR_ISRC_COMP]

0323 ---- adb7                         rts




               ; PARAMETERS:
               ;     R7 = Requestor OR mask
               ;
               ; CLOBBERS:
               ;     R6
               LpmbiasEnable:
                                       ; If LPM BIAS is currently disabled ...
0324 ---- 2494                         iobtst      #IOB_ANAIF_LPMBIASCTL_EN, [#IOP_ANAIF_LPMBIASCTL]
0325 ---- ae04                         biob1       /alreadyEnabled

                                           ; Enable and wait for 15 us, rounded up
0326 ---- 6494                             iobset      #IOB_ANAIF_LPMBIASCTL_EN, [#IOP_ANAIF_LPMBIASCTL]
0327 ---- 6010                             ld          R6, #(15 + 1)
0328 ---- eb49                             out         R6, [#IOP_EVCTL_PROGDLY]
0329 ---- 8db1                             wev1        #WEVSEL_PROG_DLY
               /alreadyEnabled:
                                       ; Update the state
032a ---- 6b34                         ld          R6, [#lpmbiasEnableRequests]
032b ---- ed0f                         or          R6, R7
032c ---- 6f34                         st          R6, [#lpmbiasEnableRequests]

032d ---- adb7                         rts




               ; PARAMETERS:
               ;     R7 = Requestor AND mask
               ;
               ; CLOBBERS:
               ;     R6
               LpmbiasDisable:
                                       ; Update the state
032e ---- 6b34                         ld          R6, [#lpmbiasEnableRequests]
032f ---- ed07                         and         R6, R7
0330 ---- 6f34                         st          R6, [#lpmbiasEnableRequests]

                                       ; Disable LPM BIAS if no longer requested
0331 ---- be01                         bnz         /keepEnabled
0332 ---- 4494                             iobclr      #IOB_ANAIF_LPMBIASCTL_EN, [#IOP_ANAIF_LPMBIASCTL]
               /keepEnabled:
0333 ---- adb7                         rts




               ; State variable for LPM BIAS control
               lpmbiasEnableRequests:
0334 ---- 0000                         dw          #0x0000
               .segment end "Procedure Library"


; Generated by DESKTOP-S5PV63S at 2026-08-21 01:49:11.021
